<?xml version="1.0" encoding="UTF-8"?>
<TestRun id="f64d044e-d946-4cf5-9aa7-702ac0688136" name="Courtney@CRLOG-WIN 2011-11-16 17:15:52" runUser="crlog-win\Courtney" xmlns="http://microsoft.com/schemas/VisualStudio/TeamTest/2010">
  <TestSettings name="Local" id="19273b8b-c785-45c3-b9c2-4b127a750843">
    <Description>These are default test settings for a local test run.</Description>
    <Deployment enabled="false" runDeploymentRoot="Courtney_CRLOG-WIN 2011-11-16 17_15_52">
      <DeploymentItem filename="B:\mediasift\C#\datasift-csharp\Datasift\bin\Release\Datasift.dll" />
      <DeploymentItem filename="B:\mediasift\C#\datasift-csharp\DatasiftTest\bin\Release\Newtonsoft.Json.Net35.dll" />
    </Deployment>
    <Execution>
      <TestTypeSpecific />
      <AgentRule name="Execution Agents">
      </AgentRule>
    </Execution>
  </TestSettings>
  <Times creation="2011-11-16T17:15:52.8136755+00:00" queuing="2011-11-16T17:15:56.0718619+00:00" start="2011-11-16T17:15:56.4658844+00:00" finish="2011-11-16T17:16:01.8641932+00:00" />
  <ResultSummary outcome="Completed">
    <Counters total="7" executed="7" passed="7" error="0" failed="0" timeout="0" aborted="0" inconclusive="0" passedButRunAborted="0" notRunnable="0" notExecuted="0" disconnected="0" warning="0" completed="0" inProgress="0" pending="0" />
  </ResultSummary>
  <TestDefinitions>
    <UnitTest name="CompileTest" storage="b:\mediasift\c#\datasift-csharp\datasifttest\bin\release\datasifttest.dll" id="fb26fd32-a664-caa1-9cbe-a062ac354094">
      <Execution id="aaac5e99-43cb-40cd-8417-9f45a671c35a" />
      <TestMethod codeBase="B:/mediasift/C#/datasift-csharp/DatasiftTest/bin/Release/DatasiftTest.DLL" adapterTypeName="Microsoft.VisualStudio.TestTools.TestTypes.Unit.UnitTestAdapter, Microsoft.VisualStudio.QualityTools.Tips.UnitTest.Adapter, Version=10.0.0.0, Culture=neutral, PublicKeyToken=b03f5f7f11d50a3a" className="DatasiftTest.DatasiftApiRequestTest, DatasiftTest, Version=1.0.0.0, Culture=neutral, PublicKeyToken=null" name="CompileTest" />
    </UnitTest>
    <UnitTest name="StreamTest" storage="b:\mediasift\c#\datasift-csharp\datasifttest\bin\release\datasifttest.dll" id="39be2b5f-d5c8-714c-e812-bff6958f1fa9">
      <Execution id="41fd6384-f0b1-4ade-a9a1-fe8ff5db883a" />
      <TestMethod codeBase="B:/mediasift/C#/datasift-csharp/DatasiftTest/bin/Release/DatasiftTest.DLL" adapterTypeName="Microsoft.VisualStudio.TestTools.TestTypes.Unit.UnitTestAdapter, Microsoft.VisualStudio.QualityTools.Tips.UnitTest.Adapter, Version=10.0.0.0, Culture=neutral, PublicKeyToken=b03f5f7f11d50a3a" className="DatasiftTest.DatasiftApiRequestTest, DatasiftTest, Version=1.0.0.0, Culture=neutral, PublicKeyToken=null" name="StreamTest" />
    </UnitTest>
    <UnitTest name="DatasiftApiRequestConstructorTest" storage="b:\mediasift\c#\datasift-csharp\datasifttest\bin\release\datasifttest.dll" id="8b9079c1-1731-7480-52bb-5816a2e906b0">
      <Execution id="e1b03d48-6e38-40c5-9141-ba443b7b5d52" />
      <TestMethod codeBase="B:/mediasift/C#/datasift-csharp/DatasiftTest/bin/Release/DatasiftTest.DLL" adapterTypeName="Microsoft.VisualStudio.TestTools.TestTypes.Unit.UnitTestAdapter, Microsoft.VisualStudio.QualityTools.Tips.UnitTest.Adapter, Version=10.0.0.0, Culture=neutral, PublicKeyToken=b03f5f7f11d50a3a" className="DatasiftTest.DatasiftApiRequestTest, DatasiftTest, Version=1.0.0.0, Culture=neutral, PublicKeyToken=null" name="DatasiftApiRequestConstructorTest" />
    </UnitTest>
    <UnitTest name="TestBufferSize" storage="b:\mediasift\c#\datasift-csharp\datasifttest\bin\release\datasifttest.dll" id="14c327ad-f99d-40fd-2226-fd6de1b1eff7">
      <Execution id="a2bd1da9-91ce-4d99-b82b-3a225b829063" />
      <TestMethod codeBase="B:/mediasift/C#/datasift-csharp/DatasiftTest/bin/Release/DatasiftTest.DLL" adapterTypeName="Microsoft.VisualStudio.TestTools.TestTypes.Unit.UnitTestAdapter, Microsoft.VisualStudio.QualityTools.Tips.UnitTest.Adapter, Version=10.0.0.0, Culture=neutral, PublicKeyToken=b03f5f7f11d50a3a" className="DatasiftTest.ConfigTest, DatasiftTest, Version=1.0.0.0, Culture=neutral, PublicKeyToken=null" name="TestBufferSize" />
    </UnitTest>
    <UnitTest name="TestConstructor2" storage="b:\mediasift\c#\datasift-csharp\datasifttest\bin\release\datasifttest.dll" id="871baba8-b6dd-c2ad-3a26-1b58babba025">
      <Execution id="3cdcf115-b78b-4764-ba79-6be8e6733f12" />
      <TestMethod codeBase="B:/mediasift/C#/datasift-csharp/DatasiftTest/bin/Release/DatasiftTest.DLL" adapterTypeName="Microsoft.VisualStudio.TestTools.TestTypes.Unit.UnitTestAdapter, Microsoft.VisualStudio.QualityTools.Tips.UnitTest.Adapter, Version=10.0.0.0, Culture=neutral, PublicKeyToken=b03f5f7f11d50a3a" className="DatasiftTest.ConfigTest, DatasiftTest, Version=1.0.0.0, Culture=neutral, PublicKeyToken=null" name="TestConstructor2" />
    </UnitTest>
    <UnitTest name="StreamTest1" storage="b:\mediasift\c#\datasift-csharp\datasifttest\bin\release\datasifttest.dll" id="802dcbad-0cd6-6f66-c6a7-a5cf7a975eb0">
      <Execution id="77c3a783-e0bf-40cc-b676-dbae814b3b7a" />
      <TestMethod codeBase="B:/mediasift/C#/datasift-csharp/DatasiftTest/bin/Release/DatasiftTest.DLL" adapterTypeName="Microsoft.VisualStudio.TestTools.TestTypes.Unit.UnitTestAdapter, Microsoft.VisualStudio.QualityTools.Tips.UnitTest.Adapter, Version=10.0.0.0, Culture=neutral, PublicKeyToken=b03f5f7f11d50a3a" className="DatasiftTest.DatasiftApiRequestTest, DatasiftTest, Version=1.0.0.0, Culture=neutral, PublicKeyToken=null" name="StreamTest1" />
    </UnitTest>
    <UnitTest name="TestConstructor1" storage="b:\mediasift\c#\datasift-csharp\datasifttest\bin\release\datasifttest.dll" id="cade8d3e-384d-c6bc-61b8-4fe4aa6111d9">
      <Execution id="0e4bd247-3997-4c74-9ed0-415fcb0f742b" />
      <TestMethod codeBase="B:/mediasift/C#/datasift-csharp/DatasiftTest/bin/Release/DatasiftTest.DLL" adapterTypeName="Microsoft.VisualStudio.TestTools.TestTypes.Unit.UnitTestAdapter, Microsoft.VisualStudio.QualityTools.Tips.UnitTest.Adapter, Version=10.0.0.0, Culture=neutral, PublicKeyToken=b03f5f7f11d50a3a" className="DatasiftTest.ConfigTest, DatasiftTest, Version=1.0.0.0, Culture=neutral, PublicKeyToken=null" name="TestConstructor1" />
    </UnitTest>
  </TestDefinitions>
  <TestLists>
    <TestList name="Results Not in a List" id="8c84fa94-04c1-424b-9868-57a2d4851a1d" />
    <TestList name="All Loaded Results" id="19431567-8539-422a-85d7-44ee4e166bda" />
  </TestLists>
  <TestEntries>
    <TestEntry testId="cade8d3e-384d-c6bc-61b8-4fe4aa6111d9" executionId="0e4bd247-3997-4c74-9ed0-415fcb0f742b" testListId="8c84fa94-04c1-424b-9868-57a2d4851a1d" />
    <TestEntry testId="871baba8-b6dd-c2ad-3a26-1b58babba025" executionId="3cdcf115-b78b-4764-ba79-6be8e6733f12" testListId="8c84fa94-04c1-424b-9868-57a2d4851a1d" />
    <TestEntry testId="14c327ad-f99d-40fd-2226-fd6de1b1eff7" executionId="a2bd1da9-91ce-4d99-b82b-3a225b829063" testListId="8c84fa94-04c1-424b-9868-57a2d4851a1d" />
    <TestEntry testId="8b9079c1-1731-7480-52bb-5816a2e906b0" executionId="e1b03d48-6e38-40c5-9141-ba443b7b5d52" testListId="8c84fa94-04c1-424b-9868-57a2d4851a1d" />
    <TestEntry testId="fb26fd32-a664-caa1-9cbe-a062ac354094" executionId="aaac5e99-43cb-40cd-8417-9f45a671c35a" testListId="8c84fa94-04c1-424b-9868-57a2d4851a1d" />
    <TestEntry testId="802dcbad-0cd6-6f66-c6a7-a5cf7a975eb0" executionId="77c3a783-e0bf-40cc-b676-dbae814b3b7a" testListId="8c84fa94-04c1-424b-9868-57a2d4851a1d" />
    <TestEntry testId="39be2b5f-d5c8-714c-e812-bff6958f1fa9" executionId="41fd6384-f0b1-4ade-a9a1-fe8ff5db883a" testListId="8c84fa94-04c1-424b-9868-57a2d4851a1d" />
  </TestEntries>
  <Results>
    <UnitTestResult executionId="0e4bd247-3997-4c74-9ed0-415fcb0f742b" testId="cade8d3e-384d-c6bc-61b8-4fe4aa6111d9" testName="TestConstructor1" computerName="CRLOG-WIN" duration="00:00:00.1487361" startTime="2011-11-16T17:15:56.9269108+00:00" endTime="2011-11-16T17:16:00.8971379+00:00" testType="13cdc9d9-ddb5-4fa4-a97d-d965ccfc6d4b" outcome="Passed" testListId="8c84fa94-04c1-424b-9868-57a2d4851a1d" relativeResultsDirectory="0e4bd247-3997-4c74-9ed0-415fcb0f742b">
    </UnitTestResult>
    <UnitTestResult executionId="3cdcf115-b78b-4764-ba79-6be8e6733f12" testId="871baba8-b6dd-c2ad-3a26-1b58babba025" testName="TestConstructor2" computerName="CRLOG-WIN" duration="00:00:00.0028900" startTime="2011-11-16T17:16:00.9181391+00:00" endTime="2011-11-16T17:16:00.9491408+00:00" testType="13cdc9d9-ddb5-4fa4-a97d-d965ccfc6d4b" outcome="Passed" testListId="8c84fa94-04c1-424b-9868-57a2d4851a1d" relativeResultsDirectory="3cdcf115-b78b-4764-ba79-6be8e6733f12">
    </UnitTestResult>
    <UnitTestResult executionId="a2bd1da9-91ce-4d99-b82b-3a225b829063" testId="14c327ad-f99d-40fd-2226-fd6de1b1eff7" testName="TestBufferSize" computerName="CRLOG-WIN" duration="00:00:00.0037464" startTime="2011-11-16T17:16:00.9651418+00:00" endTime="2011-11-16T17:16:00.9951435+00:00" testType="13cdc9d9-ddb5-4fa4-a97d-d965ccfc6d4b" outcome="Passed" testListId="8c84fa94-04c1-424b-9868-57a2d4851a1d" relativeResultsDirectory="a2bd1da9-91ce-4d99-b82b-3a225b829063">
    </UnitTestResult>
    <UnitTestResult executionId="e1b03d48-6e38-40c5-9141-ba443b7b5d52" testId="8b9079c1-1731-7480-52bb-5816a2e906b0" testName="DatasiftApiRequestConstructorTest" computerName="CRLOG-WIN" duration="00:00:00.0761310" startTime="2011-11-16T17:16:01.0121444+00:00" endTime="2011-11-16T17:16:01.1191506+00:00" testType="13cdc9d9-ddb5-4fa4-a97d-d965ccfc6d4b" outcome="Passed" testListId="8c84fa94-04c1-424b-9868-57a2d4851a1d" relativeResultsDirectory="e1b03d48-6e38-40c5-9141-ba443b7b5d52">
    </UnitTestResult>
    <UnitTestResult executionId="aaac5e99-43cb-40cd-8417-9f45a671c35a" testId="fb26fd32-a664-caa1-9cbe-a062ac354094" testName="CompileTest" computerName="CRLOG-WIN" duration="00:00:00.2571872" startTime="2011-11-16T17:16:01.1441520+00:00" endTime="2011-11-16T17:16:01.4261681+00:00" testType="13cdc9d9-ddb5-4fa4-a97d-d965ccfc6d4b" outcome="Passed" testListId="8c84fa94-04c1-424b-9868-57a2d4851a1d" relativeResultsDirectory="aaac5e99-43cb-40cd-8417-9f45a671c35a">
    </UnitTestResult>
    <UnitTestResult executionId="77c3a783-e0bf-40cc-b676-dbae814b3b7a" testId="802dcbad-0cd6-6f66-c6a7-a5cf7a975eb0" testName="StreamTest1" computerName="CRLOG-WIN" duration="00:00:00.0749169" startTime="2011-11-16T17:16:01.4771710+00:00" endTime="2011-11-16T17:16:01.5791769+00:00" testType="13cdc9d9-ddb5-4fa4-a97d-d965ccfc6d4b" outcome="Passed" testListId="8c84fa94-04c1-424b-9868-57a2d4851a1d" relativeResultsDirectory="77c3a783-e0bf-40cc-b676-dbae814b3b7a">
    </UnitTestResult>
    <UnitTestResult executionId="41fd6384-f0b1-4ade-a9a1-fe8ff5db883a" testId="39be2b5f-d5c8-714c-e812-bff6958f1fa9" testName="StreamTest" computerName="CRLOG-WIN" duration="00:00:00.0687252" startTime="2011-11-16T17:16:01.5951778+00:00" endTime="2011-11-16T17:16:01.6941835+00:00" testType="13cdc9d9-ddb5-4fa4-a97d-d965ccfc6d4b" outcome="Passed" testListId="8c84fa94-04c1-424b-9868-57a2d4851a1d" relativeResultsDirectory="41fd6384-f0b1-4ade-a9a1-fe8ff5db883a">
    </UnitTestResult>
  </Results>
</TestRun>