<?xml version="1.0" encoding="UTF-8"?>
<TestRun id="e0e074f0-3830-4bcc-a596-e5bf46e3f17d" name="Courtney@CRLOG-WIN 2011-11-16 17:13:36" runUser="crlog-win\Courtney" xmlns="http://microsoft.com/schemas/VisualStudio/TeamTest/2010">
  <TestSettings name="Local" id="19273b8b-c785-45c3-b9c2-4b127a750843">
    <Description>These are default test settings for a local test run.</Description>
    <Deployment enabled="false" runDeploymentRoot="Courtney_CRLOG-WIN 2011-11-16 17_13_36">
      <DeploymentItem filename="B:\mediasift\C#\datasift-csharp\Datasift\bin\Release\Datasift.dll" />
      <DeploymentItem filename="B:\mediasift\C#\datasift-csharp\DatasiftTest\bin\Release\Newtonsoft.Json.Net35.dll" />
    </Deployment>
    <Execution>
      <TestTypeSpecific />
      <AgentRule name="Execution Agents">
      </AgentRule>
    </Execution>
  </TestSettings>
  <Times creation="2011-11-16T17:13:36.4048734+00:00" queuing="2011-11-16T17:13:42.0571967+00:00" start="2011-11-16T17:13:42.7542365+00:00" finish="2011-11-16T17:13:47.4505052+00:00" />
  <ResultSummary outcome="Failed">
    <Counters total="7" executed="7" passed="5" error="0" failed="2" timeout="0" aborted="0" inconclusive="0" passedButRunAborted="0" notRunnable="0" notExecuted="0" disconnected="0" warning="0" completed="0" inProgress="0" pending="0" />
  </ResultSummary>
  <TestDefinitions>
    <UnitTest name="CompileTest" storage="b:\mediasift\c#\datasift-csharp\datasifttest\bin\release\datasifttest.dll" id="fb26fd32-a664-caa1-9cbe-a062ac354094">
      <Execution id="bb9c0cae-2d22-46e8-aeaf-72f1f1dfb430" />
      <TestMethod codeBase="B:/mediasift/C#/datasift-csharp/DatasiftTest/bin/Release/DatasiftTest.DLL" adapterTypeName="Microsoft.VisualStudio.TestTools.TestTypes.Unit.UnitTestAdapter, Microsoft.VisualStudio.QualityTools.Tips.UnitTest.Adapter, Version=10.0.0.0, Culture=neutral, PublicKeyToken=b03f5f7f11d50a3a" className="DatasiftTest.DatasiftApiRequestTest, DatasiftTest, Version=1.0.0.0, Culture=neutral, PublicKeyToken=null" name="CompileTest" />
    </UnitTest>
    <UnitTest name="StreamTest" storage="b:\mediasift\c#\datasift-csharp\datasifttest\bin\release\datasifttest.dll" id="39be2b5f-d5c8-714c-e812-bff6958f1fa9">
      <Execution id="0cfdbc62-d8ef-4bfe-9c64-5b0b7d7b4132" />
      <TestMethod codeBase="B:/mediasift/C#/datasift-csharp/DatasiftTest/bin/Release/DatasiftTest.DLL" adapterTypeName="Microsoft.VisualStudio.TestTools.TestTypes.Unit.UnitTestAdapter, Microsoft.VisualStudio.QualityTools.Tips.UnitTest.Adapter, Version=10.0.0.0, Culture=neutral, PublicKeyToken=b03f5f7f11d50a3a" className="DatasiftTest.DatasiftApiRequestTest, DatasiftTest, Version=1.0.0.0, Culture=neutral, PublicKeyToken=null" name="StreamTest" />
    </UnitTest>
    <UnitTest name="DatasiftApiRequestConstructorTest" storage="b:\mediasift\c#\datasift-csharp\datasifttest\bin\release\datasifttest.dll" id="8b9079c1-1731-7480-52bb-5816a2e906b0">
      <Execution id="824bfb24-22f1-4e05-8674-8b592d44df25" />
      <TestMethod codeBase="B:/mediasift/C#/datasift-csharp/DatasiftTest/bin/Release/DatasiftTest.DLL" adapterTypeName="Microsoft.VisualStudio.TestTools.TestTypes.Unit.UnitTestAdapter, Microsoft.VisualStudio.QualityTools.Tips.UnitTest.Adapter, Version=10.0.0.0, Culture=neutral, PublicKeyToken=b03f5f7f11d50a3a" className="DatasiftTest.DatasiftApiRequestTest, DatasiftTest, Version=1.0.0.0, Culture=neutral, PublicKeyToken=null" name="DatasiftApiRequestConstructorTest" />
    </UnitTest>
    <UnitTest name="TestBufferSize" storage="b:\mediasift\c#\datasift-csharp\datasifttest\bin\release\datasifttest.dll" id="14c327ad-f99d-40fd-2226-fd6de1b1eff7">
      <Execution id="e93eb57b-f2ec-462c-87ff-33d7d221e5ed" />
      <TestMethod codeBase="B:/mediasift/C#/datasift-csharp/DatasiftTest/bin/Release/DatasiftTest.DLL" adapterTypeName="Microsoft.VisualStudio.TestTools.TestTypes.Unit.UnitTestAdapter, Microsoft.VisualStudio.QualityTools.Tips.UnitTest.Adapter, Version=10.0.0.0, Culture=neutral, PublicKeyToken=b03f5f7f11d50a3a" className="DatasiftTest.ConfigTest, DatasiftTest, Version=1.0.0.0, Culture=neutral, PublicKeyToken=null" name="TestBufferSize" />
    </UnitTest>
    <UnitTest name="TestConstructor2" storage="b:\mediasift\c#\datasift-csharp\datasifttest\bin\release\datasifttest.dll" id="871baba8-b6dd-c2ad-3a26-1b58babba025">
      <Execution id="5c0553d3-10f7-4392-9ab4-97bf580f43d0" />
      <TestMethod codeBase="B:/mediasift/C#/datasift-csharp/DatasiftTest/bin/Release/DatasiftTest.DLL" adapterTypeName="Microsoft.VisualStudio.TestTools.TestTypes.Unit.UnitTestAdapter, Microsoft.VisualStudio.QualityTools.Tips.UnitTest.Adapter, Version=10.0.0.0, Culture=neutral, PublicKeyToken=b03f5f7f11d50a3a" className="DatasiftTest.ConfigTest, DatasiftTest, Version=1.0.0.0, Culture=neutral, PublicKeyToken=null" name="TestConstructor2" />
    </UnitTest>
    <UnitTest name="StreamTest1" storage="b:\mediasift\c#\datasift-csharp\datasifttest\bin\release\datasifttest.dll" id="802dcbad-0cd6-6f66-c6a7-a5cf7a975eb0">
      <Execution id="2df8ef41-9a32-47cf-9fd3-718111de965b" />
      <TestMethod codeBase="B:/mediasift/C#/datasift-csharp/DatasiftTest/bin/Release/DatasiftTest.DLL" adapterTypeName="Microsoft.VisualStudio.TestTools.TestTypes.Unit.UnitTestAdapter, Microsoft.VisualStudio.QualityTools.Tips.UnitTest.Adapter, Version=10.0.0.0, Culture=neutral, PublicKeyToken=b03f5f7f11d50a3a" className="DatasiftTest.DatasiftApiRequestTest, DatasiftTest, Version=1.0.0.0, Culture=neutral, PublicKeyToken=null" name="StreamTest1" />
    </UnitTest>
    <UnitTest name="TestConstructor1" storage="b:\mediasift\c#\datasift-csharp\datasifttest\bin\release\datasifttest.dll" id="cade8d3e-384d-c6bc-61b8-4fe4aa6111d9">
      <Execution id="49758db2-1b75-4441-a727-1660f829548d" />
      <TestMethod codeBase="B:/mediasift/C#/datasift-csharp/DatasiftTest/bin/Release/DatasiftTest.DLL" adapterTypeName="Microsoft.VisualStudio.TestTools.TestTypes.Unit.UnitTestAdapter, Microsoft.VisualStudio.QualityTools.Tips.UnitTest.Adapter, Version=10.0.0.0, Culture=neutral, PublicKeyToken=b03f5f7f11d50a3a" className="DatasiftTest.ConfigTest, DatasiftTest, Version=1.0.0.0, Culture=neutral, PublicKeyToken=null" name="TestConstructor1" />
    </UnitTest>
  </TestDefinitions>
  <TestLists>
    <TestList name="Results Not in a List" id="8c84fa94-04c1-424b-9868-57a2d4851a1d" />
    <TestList name="All Loaded Results" id="19431567-8539-422a-85d7-44ee4e166bda" />
  </TestLists>
  <TestEntries>
    <TestEntry testId="cade8d3e-384d-c6bc-61b8-4fe4aa6111d9" executionId="49758db2-1b75-4441-a727-1660f829548d" testListId="8c84fa94-04c1-424b-9868-57a2d4851a1d" />
    <TestEntry testId="871baba8-b6dd-c2ad-3a26-1b58babba025" executionId="5c0553d3-10f7-4392-9ab4-97bf580f43d0" testListId="8c84fa94-04c1-424b-9868-57a2d4851a1d" />
    <TestEntry testId="14c327ad-f99d-40fd-2226-fd6de1b1eff7" executionId="e93eb57b-f2ec-462c-87ff-33d7d221e5ed" testListId="8c84fa94-04c1-424b-9868-57a2d4851a1d" />
    <TestEntry testId="8b9079c1-1731-7480-52bb-5816a2e906b0" executionId="824bfb24-22f1-4e05-8674-8b592d44df25" testListId="8c84fa94-04c1-424b-9868-57a2d4851a1d" />
    <TestEntry testId="fb26fd32-a664-caa1-9cbe-a062ac354094" executionId="bb9c0cae-2d22-46e8-aeaf-72f1f1dfb430" testListId="8c84fa94-04c1-424b-9868-57a2d4851a1d" />
    <TestEntry testId="802dcbad-0cd6-6f66-c6a7-a5cf7a975eb0" executionId="2df8ef41-9a32-47cf-9fd3-718111de965b" testListId="8c84fa94-04c1-424b-9868-57a2d4851a1d" />
    <TestEntry testId="39be2b5f-d5c8-714c-e812-bff6958f1fa9" executionId="0cfdbc62-d8ef-4bfe-9c64-5b0b7d7b4132" testListId="8c84fa94-04c1-424b-9868-57a2d4851a1d" />
  </TestEntries>
  <Results>
    <UnitTestResult executionId="49758db2-1b75-4441-a727-1660f829548d" testId="cade8d3e-384d-c6bc-61b8-4fe4aa6111d9" testName="TestConstructor1" computerName="CRLOG-WIN" duration="00:00:00.1952216" startTime="2011-11-16T17:13:43.2392643+00:00" endTime="2011-11-16T17:13:46.1864329+00:00" testType="13cdc9d9-ddb5-4fa4-a97d-d965ccfc6d4b" outcome="Passed" testListId="8c84fa94-04c1-424b-9868-57a2d4851a1d" relativeResultsDirectory="49758db2-1b75-4441-a727-1660f829548d">
    </UnitTestResult>
    <UnitTestResult executionId="5c0553d3-10f7-4392-9ab4-97bf580f43d0" testId="871baba8-b6dd-c2ad-3a26-1b58babba025" testName="TestConstructor2" computerName="CRLOG-WIN" duration="00:00:00.2044639" startTime="2011-11-16T17:13:46.2024338+00:00" endTime="2011-11-16T17:13:46.4354471+00:00" testType="13cdc9d9-ddb5-4fa4-a97d-d965ccfc6d4b" outcome="Failed" testListId="8c84fa94-04c1-424b-9868-57a2d4851a1d" relativeResultsDirectory="5c0553d3-10f7-4392-9ab4-97bf580f43d0">
      <Output>
        <ErrorInfo>
          <Message>Assert.AreEqual failed. Expected:&lt;http://api.datasift.net/&gt;. Actual:&lt;http://api.datasift.com/&gt;. </Message>
          <StackTrace>   at DatasiftTest.ConfigTest.TestConstructor2() in B:\mediasift\C#\datasift-csharp\DatasiftTest\ConfigTest.cs:line 24
</StackTrace>
        </ErrorInfo>
      </Output>
    </UnitTestResult>
    <UnitTestResult executionId="e93eb57b-f2ec-462c-87ff-33d7d221e5ed" testId="14c327ad-f99d-40fd-2226-fd6de1b1eff7" testName="TestBufferSize" computerName="CRLOG-WIN" duration="00:00:00.0039389" startTime="2011-11-16T17:13:46.4894502+00:00" endTime="2011-11-16T17:13:46.5244522+00:00" testType="13cdc9d9-ddb5-4fa4-a97d-d965ccfc6d4b" outcome="Passed" testListId="8c84fa94-04c1-424b-9868-57a2d4851a1d" relativeResultsDirectory="e93eb57b-f2ec-462c-87ff-33d7d221e5ed">
    </UnitTestResult>
    <UnitTestResult executionId="824bfb24-22f1-4e05-8674-8b592d44df25" testId="8b9079c1-1731-7480-52bb-5816a2e906b0" testName="DatasiftApiRequestConstructorTest" computerName="CRLOG-WIN" duration="00:00:00.0545470" startTime="2011-11-16T17:13:46.5904560+00:00" endTime="2011-11-16T17:13:46.6714606+00:00" testType="13cdc9d9-ddb5-4fa4-a97d-d965ccfc6d4b" outcome="Passed" testListId="8c84fa94-04c1-424b-9868-57a2d4851a1d" relativeResultsDirectory="824bfb24-22f1-4e05-8674-8b592d44df25">
    </UnitTestResult>
    <UnitTestResult executionId="bb9c0cae-2d22-46e8-aeaf-72f1f1dfb430" testId="fb26fd32-a664-caa1-9cbe-a062ac354094" testName="CompileTest" computerName="CRLOG-WIN" duration="00:00:00.1937751" startTime="2011-11-16T17:13:46.6854614+00:00" endTime="2011-11-16T17:13:46.9014738+00:00" testType="13cdc9d9-ddb5-4fa4-a97d-d965ccfc6d4b" outcome="Failed" testListId="8c84fa94-04c1-424b-9868-57a2d4851a1d" relativeResultsDirectory="bb9c0cae-2d22-46e8-aeaf-72f1f1dfb430">
      <Output>
        <ErrorInfo>
          <Message>Assert.AreEqual failed. Expected:&lt;1&gt;. Actual:&lt;(null)&gt;. </Message>
          <StackTrace>   at DatasiftTest.DatasiftApiRequestTest.CompileTest() in B:\mediasift\C#\datasift-csharp\DatasiftTest\DatasiftApiRequestTest.cs:line 42
</StackTrace>
        </ErrorInfo>
      </Output>
    </UnitTestResult>
    <UnitTestResult executionId="2df8ef41-9a32-47cf-9fd3-718111de965b" testId="802dcbad-0cd6-6f66-c6a7-a5cf7a975eb0" testName="StreamTest1" computerName="CRLOG-WIN" duration="00:00:00.0664386" startTime="2011-11-16T17:13:46.9164746+00:00" endTime="2011-11-16T17:13:47.0094799+00:00" testType="13cdc9d9-ddb5-4fa4-a97d-d965ccfc6d4b" outcome="Passed" testListId="8c84fa94-04c1-424b-9868-57a2d4851a1d" relativeResultsDirectory="2df8ef41-9a32-47cf-9fd3-718111de965b">
    </UnitTestResult>
    <UnitTestResult executionId="0cfdbc62-d8ef-4bfe-9c64-5b0b7d7b4132" testId="39be2b5f-d5c8-714c-e812-bff6958f1fa9" testName="StreamTest" computerName="CRLOG-WIN" duration="00:00:00.0652564" startTime="2011-11-16T17:13:47.0414818+00:00" endTime="2011-11-16T17:13:47.1324870+00:00" testType="13cdc9d9-ddb5-4fa4-a97d-d965ccfc6d4b" outcome="Passed" testListId="8c84fa94-04c1-424b-9868-57a2d4851a1d" relativeResultsDirectory="0cfdbc62-d8ef-4bfe-9c64-5b0b7d7b4132">
    </UnitTestResult>
  </Results>
</TestRun>